COMMAND=npm run typecheck && npm test

> @glass-box-solutions-inc/phi-substitution-engine@0.1.0 typecheck
> tsc --noEmit

> @glass-box-solutions-inc/phi-substitution-engine@0.1.0 test
> vitest run

 RUN  v3.2.7 /home/vncuser/projects/_gbx-worktrees/GLY-346-azure-spool/packages/phi-substitution-engine

 ✓ tests/detector-redactor-port.test.ts (8 tests) 121ms
 ✓ tests/dictionary.test.ts (9 tests) 251ms
 ✓ tests/integration-hardening.test.ts (166 tests) 293ms
 ✓ tests/durable-reversal-integration.test.ts (4 tests) 37ms
 ✓ tests/provider-boundary.test.ts (9 tests) 73ms
 ✓ tests/factory-smoke.test.ts (9 tests) 55ms
 ✓ tests/azure-keyvault-key-provider.test.ts (7 tests) 23ms
 ✓ tests/audit.test.ts (10 tests) 54ms
 ✓ tests/evaluation-claims.test.ts (5 tests) 19ms
 ✓ tests/tokens.test.ts (14 tests) 27ms
 ✓ tests/reclaim-environment.test.ts (28 tests) 24ms
 ✓ tests/collision.test.ts (9 tests) 35ms
 ✓ tests/durable-reversal-store.test.ts (72 tests) 266ms
 ✓ tests/coverage-n7.test.ts (5 tests) 20ms
 ✓ tests/azure-files-spool-volume.test.ts (10 tests | 5 skipped) 30ms
 ✓ tests/durable-control-plane.test.ts (37 tests) 89ms
 ✓ tests/azure-spool-maintenance.test.ts (14 tests | 2 skipped) 36ms
 ✓ tests/variants.test.ts (3 tests) 6ms
 ✓ tests/runtime-config.test.ts (1 test) 9ms
 ✓ tests/postgres-control-plane.test.ts (33 tests | 20 skipped) 37ms

 Test Files  20 passed (20)
      Tests  426 passed | 27 skipped (453)
   Start at  02:52:16
   Duration  6.31s (transform 2.51s, setup 0ms, collect 8.82s, tests 1.51s, environment 9ms, prepare 2.91s)

EXIT=0
